// Jest Snapshot v1, https://goo.gl/fbAQLP

exports[`<ListedItemDetails /> displays single listing from the API on mount 1`] = `
<div
  className="content-container"
>
  <div>
    <button
      className="back-btn"
      onClick={[Function]}
    >
      Back
    </button>
  </div>
  <div
    className="category-show"
  >
    <h1
      className="category-show__header"
    >
      Fender Guitar Brand New
    </h1>
    <div
      className="row"
    >
      <div
        className="col-lg-5 col-md-5 col-sm-12 left-col"
      >
        <img
          alt="Fender Guitar Brand New"
          className="category-show__img"
          src="http://www.alan.com"
        />
      </div>
      <div
        className="col-lg-7 col-md-7 col-sm-12 right-col"
      >
        <div
          className="category-show__attribute"
        >
          Make: 
          <span
            className="make"
          >
            Fender
          </span>
        </div>
        <div
          className="category-show__attribute"
        >
          Model: 
          <span
            className="model"
          >
            FSR Stratocaster XII 12 string
          </span>
        </div>
        <div
          className="category-show__attribute"
        >
          Year: 
          <span
            className="year"
          >
            2017
          </span>
        </div>
        <div
          className="category-show__attribute"
        >
          Finish: 
          <span
            className="finish"
          >
            Sunburst
          </span>
        </div>
        <div
          className="category-show__attribute"
        >
          Description: 
          <span
            className="description"
          >
            Immaculate condition guitar, you will not be disappointed!
          </span>
        </div>
        <div
          className="category-show__attribute"
        >
          Price: 
          <span
            className="price"
          >
            $675.00
          </span>
        </div>
        <div
          className="category-show__attribute"
        >
          Condition: 
          <span
            className="condition"
          >
            Mint
          </span>
        </div>
        <div
          className="category-show__attribute"
        >
          Shop Name: 
          <span
            className="shop-name"
          >
            The Official Awesome Reverb Shop
          </span>
        </div>
        <div
          className="category-show__attribute"
        >
          Preferred Seller: 
          <span
            className="preferred-seller"
          >
            Yes
          </span>
        </div>
        <div
          className="category-show__attribute"
        >
          Return Policy: 
          <span
            className="return-policy"
          >
            This item is sold As-Described and cannot be returned unless it arrives in a condition different from how it was described or photographed.
          </span>
        </div>
      </div>
    </div>
  </div>
</div>
`;
